main.c:95:5:main	1240	static
main.c:264:6:SystemClock_Config	88	static
main.c:310:13:MX_ADC1_Init	24	static
main.c:360:13:MX_ADC2_Init	24	static
main.c:410:13:MX_ADC3_Init	24	static
main.c:460:13:MX_I2C1_Init	8	static
main.c:494:13:MX_TIM2_Init	64	static
main.c:553:13:MX_TIM3_Init	32	static
main.c:598:13:MX_TIM7_Init	16	static
main.c:636:13:MX_USART2_UART_Init	8	static
main.c:669:13:MX_USART3_UART_Init	8	static
main.c:702:13:MX_GPIO_Init	48	static
main.c:732:6:HAL_TIM_PeriodElapsedCallback	16	static
main.c:750:6:HAL_ADC_ConvCpltCallback	16	static
main.c:771:6:Error_Handler	4	static,ignoring_inline_asm
